[Sat Jan 10 12:05:06 EET 2026] ssh is DOWN. Attempting to Restart ...
[Sat Jan 10 12:05:06 EET 2026] ssh failed to restart :(
[Sat Jan 10 12:05:06 EET 2026] cron is DOWN. Attempting to Restart ...
[Sat Jan 10 12:05:06 EET 2026] cron failed to restart :(
[Sat Jan 10 12:05:06 EET 2026] systemd-journald is DOWN. Attempting to Restart ...
[Sat Jan 10 12:05:07 EET 2026] systemd-journald failed to restart :(
[Sat Jan 10 12:05:17 EET 2026] ssh is DOWN. Attempting to Restart ...
[Sat Jan 10 12:05:18 EET 2026] ssh failed to restart :(
[Sat Jan 10 12:05:18 EET 2026] cron is DOWN. Attempting to Restart ...
[Sat Jan 10 12:05:18 EET 2026] cron failed to restart :(
[Sat Jan 10 12:05:18 EET 2026] systemd-journald is DOWN. Attempting to Restart ...
[Sat Jan 10 12:05:19 EET 2026] systemd-journald failed to restart :(
[Sat Jan 10 12:07:27 EET 2026] ssh is DOWN. Attempting to Restart ...
[Sat Jan 10 12:07:27 EET 2026] ssh failed to restart :(
[Sat Jan 10 12:07:27 EET 2026] cron is running
[Sat Jan 10 12:07:27 EET 2026] systemd-journald is running
[Sat Jan 10 12:08:09 EET 2026] sshd is DOWN. Attempting to Restart ...
[Sat Jan 10 12:08:09 EET 2026] sshd failed to restart :(
[Sat Jan 10 12:08:09 EET 2026] cron is running
[Sat Jan 10 12:08:09 EET 2026] systemd-journald is running
[Sat Jan 10 12:11:09 EET 2026] ssh is DOWN. Attempting to Restart ...
[Sat Jan 10 12:11:10 EET 2026] ssh restarted successfully :)
[Sat Jan 10 12:11:10 EET 2026] cron is running
[Sat Jan 10 12:11:10 EET 2026] systemd-journald is running
[Sat Jan 10 13:12:53 EET 2026] ssh is running
[Sat Jan 10 13:12:54 EET 2026] cron is running
[Sat Jan 10 13:12:54 EET 2026] systemd-journald is running
[Sat Jan 10 13:13:26 EET 2026] ssh is running
[Sat Jan 10 13:13:27 EET 2026] cron is running
[Sat Jan 10 13:13:27 EET 2026] systemd-journald is running
[Sat Jan 10 13:15:27 EET 2026] ssh is running
[Sat Jan 10 13:15:27 EET 2026] cron is running
[Sat Jan 10 13:15:28 EET 2026] systemd-journald is running
